[doctortap.az/clinic_list/az.html]
[doctortap.az/clinic_list/favicon.ico]
[backblue.gif]
[fade.gif]
[index.html]
[doctortap.az/templates/default/css/styles5281.css]
[doctortap.az/templates/default/css/master5281.css]
[doctortap.az/templates/default/css/mobile5281.css]
[doctortap.az/templates/default/css/font-awesome.min.css]
[doctortap.az/templates/default/js/jquery.min.js]
[doctortap.az/templates/default/js/bootstrap.bundle.min.js]
[doctortap.az/templates/default/js/master5281.js]
[doctortap.az/templates/default/js/mark-your-calendar.js]
[doctortap.az/templates/default/js/jquery-input-mask-phone-number.min.js]
[doctortap.az/templates/default/css/select2.css]
[cdn.jsdelivr.net/npm/select2@4.1.0-rc.0/dist/js/select2.min.js]
[doctortap.az/templates/default/js/infiniteslidev2.js]
[doctortap.az/templates/default/js/OneSignalSDKWorker.js]
[www.google-analytics.com/analytics.js]
[cdn.onesignal.com/sdks/OneSignalSDK.js]
[doctortap.az/templates/default/img/icon-phone.png]
[cdn.doctortap.az/uploads/clinic/clinic_20230411121620.jpg]
[cdn.doctortap.az/uploads/clinic/clinic_20211209042718.jpg]
[cdn.doctortap.az/uploads/clinic/clinic_20220519055530.jpg]
[cdn.doctortap.az/uploads/clinic/clinic_20220827113423.jpg]
[cdn.doctortap.az/uploads/clinic/clinic_20220827113705.jpg]
[cdn.doctortap.az/uploads/clinic/clinic_20220727125900.jpg]
[cdn.doctortap.az/uploads/clinic/clinic_20220827102536.jpg]
[cdn.doctortap.az/uploads/clinic/clinic_20230109102958.jpg]
[cdn.doctortap.az/uploads/clinic/clinic_20230113030547.jpg]
[cdn.doctortap.az/uploads/clinic/clinic_20230303105838.jpg]
[cdn.doctortap.az/uploads/clinic/clinic_20230302120850.jpg]
[cdn.doctortap.az/uploads/clinic/clinic_20230211115758.jpg]
[cdn.doctortap.az/uploads/clinic/clinic_20230214041408.jpg]
[cdn.doctortap.az/uploads/clinic/clinic_20230221040720.jpg]
[cdn.doctortap.az/uploads/clinic/clinic_20230313052319.jpg]
[cdn.doctortap.az/uploads/clinic/clinic_20230411010048.jpg]
[cdn.doctortap.az/uploads/clinic/clinic_20230411010708.jpg]
[cdn.doctortap.az/uploads/clinic/clinic_20230411010840.jpg]
[cdn.doctortap.az/uploads/clinic/clinic_20230411011000.jpg]
[cdn.doctortap.az/uploads/clinic/clinic_20230411011310.jpg]
[cdn.doctortap.az/uploads/clinic/clinic_20220827112259.jpg]
[cdn.doctortap.az/uploads/clinic/clinic_20220827111756.jpg]
[cdn.doctortap.az/uploads/clinic/clinic_20190108073416.jpg]
[cdn.doctortap.az/uploads/clinic/clinic_20191028025656.jpg]
[cdn.doctortap.az/uploads/clinic/clinic_20191028035644.jpg]
[cdn.doctortap.az/uploads/clinic/clinic_20191029103655.jpg]
[cdn.doctortap.az/uploads/clinic/clinic_20211209123353.jpg]
[cdn.doctortap.az/uploads/clinic/clinic_20161122081454.png]
[cdn.doctortap.az/uploads/clinic/clinic_20191029102156.jpg]
[cdn.doctortap.az/uploads/clinic/clinic_20211209124745.jpg]
[cdn.doctortap.az/uploads/clinic/clinic_20191028031939.jpg]
[cdn.doctortap.az/uploads/clinic/clinic_20181115020148.jpg]
[cdn.doctortap.az/uploads/clinic/clinic_20211209115015.jpg]
[cdn.doctortap.az/uploads/clinic/clinic_20191028061640.jpg]
[cdn.doctortap.az/uploads/clinic/clinic_20161116073849.png]
[cdn.doctortap.az/uploads/clinic/clinic_20191028025253.jpg]
[cdn.doctortap.az/uploads/clinic/clinic_20211209010731.jpg]
[cdn.doctortap.az/uploads/clinic/clinic_20211208040752.jpg]
[cdn.doctortap.az/uploads/clinic/clinic_20230314021820.jpg]
[cdn.doctortap.az/uploads/clinic/clinic_20211208041235.jpg]
[cdn.doctortap.az/uploads/clinic/clinic_20191029104333.jpg]
[cdn.doctortap.az/uploads/clinic/clinic_20191028061922.jpg]
[cdn.doctortap.az/uploads/clinic/clinic_20211209112011.jpg]
[cdn.doctortap.az/uploads/clinic/clinic_20181017023007.jpg]
[cdn.doctortap.az/uploads/clinic/clinic_20230203110358.jpg]
[cdn.doctortap.az/uploads/clinic/clinic_20211208013514.jpg]
[cdn.doctortap.az/uploads/clinic/clinic_20191029025023.jpg]
[cdn.doctortap.az/uploads/clinic/clinic_20191028031239.jpg]
[cdn.doctortap.az/uploads/clinic/clinic_20191029125153.jpg]
[cdn.doctortap.az/uploads/clinic/clinic_20191028031602.jpg]
[cdn.doctortap.az/uploads/clinic/clinic_20190108084438.jpg]
[cdn.doctortap.az/uploads/clinic/clinic_20230211114743.jpg]
[cdn.doctortap.az/uploads/clinic/clinic_20211209112509.jpg]
[cdn.doctortap.az/uploads/clinic/clinic_20220827112520.jpg]
[cdn.doctortap.az/uploads/clinic/clinic_20191029125557.jpg]
[cdn.doctortap.az/uploads/clinic/clinic_20190108074916.jpg]
[cdn.doctortap.az/uploads/clinic/clinic_20190120063008.jpg]
[cdn.doctortap.az/uploads/clinic/clinic_20191028033437.jpg]
[cdn.doctortap.az/uploads/clinic/clinic_20191029124740.jpg]
[cdn.doctortap.az/uploads/clinic/clinic_20220827113156.jpg]
[cdn.doctortap.az/uploads/clinic/clinic_20211209041819.jpg]
[cdn.doctortap.az/uploads/clinic/clinic_20220609023439.jpg]
[cdn.doctortap.az/uploads/clinic/clinic_20211209035822.jpg]
[cdn.doctortap.az/uploads/clinic/clinic_20230213025638.jpg]
[cdn.doctortap.az/uploads/clinic/clinic_20211209023723.jpg]
[cdn.doctortap.az/uploads/clinic/clinic_20211208042620.jpg]
[cdn.doctortap.az/uploads/clinic/clinic_20211208043047.jpg]
[cdn.doctortap.az/uploads/clinic/clinic_20230203110843.jpg]
[cdn.doctortap.az/uploads/clinic/clinic_20220827112811.jpg]
[cdn.doctortap.az/uploads/clinic/clinic_20191029024117.jpg]
[cdn.doctortap.az/uploads/clinic/clinic_20191029024139.jpg]
[cdn.doctortap.az/uploads/clinic/clinic_20191029024012.jpg]
[cdn.doctortap.az/uploads/clinic/clinic_20170311065010.png]
[cdn.doctortap.az/uploads/clinic/clinic_20211209022520.jpg]
[cdn.doctortap.az/uploads/clinic/clinic_20191029115527.jpg]
[cdn.doctortap.az/uploads/clinic/clinic_20191029102348.jpg]
[cdn.doctortap.az/uploads/clinic/clinic_20191029102314.jpg]
[cdn.doctortap.az/uploads/clinic/clinic_20211208042206.jpg]
[cdn.doctortap.az/uploads/clinic/clinic_20191029115728.jpg]
[cdn.doctortap.az/uploads/clinic/clinic_20211209024306.jpg]
[cdn.doctortap.az/uploads/clinic/clinic_20211209024856.jpg]
[cdn.doctortap.az/uploads/clinic/clinic_20211209025439.jpg]
[cdn.doctortap.az/uploads/clinic/clinic_20211209030651.jpg]
[cdn.doctortap.az/uploads/clinic/clinic_20211209031426.jpg]
[cdn.doctortap.az/uploads/clinic/clinic_20191028061422.jpg]
[cdn.doctortap.az/uploads/clinic/clinic_20190107111548.jpg]
[cdn.doctortap.az/uploads/clinic/clinic_20211209034258.jpg]
[cdn.doctortap.az/uploads/clinic/clinic_20211208053112.jpg]
[cdn.doctortap.az/uploads/clinic/clinic_20230302121007.jpg]
[doctortap.az/templates/default/img/logo-white.png]
[connect.facebook.net/en_US/sdk.js]
[mc.yandex.ru/metrika/tag.js]
[ajax.googleapis.com/ajax/libs/jquery/3.3.1/jquery.min.js]
[doctortap.az/clinic_list/az.html]
[doctortap.az/clinic_list/favicon.html]
[doctortap.az/templates/default/css/styles5281.css]
[doctortap.az/templates/default/js/jquery-input-mask-phone-number-2023.js]
[doctortap.az/templates/default/img/icon-src.png]
[doctortap.az/templates/default/img/icon-online-consultasiya.png]
[doctortap.az/templates/default/img/icon-file.png]
[doctortap.az/templates/default/css/master5281.css]
[doctortap.az/templates/default/css/mobile5281.css]
[doctortap.az/templates/default/css/font-awesome.min.css]
[doctortap.az/templates/default/css/select2.css]
[connect.facebook.net/en_US/sdk.js]
[code.tidio.co_443/f9dvsshwtjtli35xcondrosbu5rescgh.js]
